data: <IDS|MSG> more: True
data: f3cb8abfad337e088b4d268c9fc11159e0a9a91c39ba0acc50b474cce3250331 more: True
data: {"msg_id":"00000000-0000-0000-0000-000000000000","username":"dotnet_kernel","session":"test session","date":"0001-01-01T00:00:00Z","msg_type":"execute_result","version":"5.3"} more: True
data: {} more: True
data: {"dotnet_interactive":{"kernelName":"fsharp","language":"fsharp"}} more: True
data: {"data":{"text/html":"some result","text/plain":"some result"},"metadata":{},"transient":{"display_id":"none"},"execution_count":12} more: False
